// Jest Snapshot v1, https://goo.gl/fbAQLP

exports[`<Books /> Suite de tests de l'affichage Les livres doivent bien s'afficher 1`] = `
<div
  className="container"
>
  <div
    className="books"
  >
    <div
      className="book"
      key="0"
    >
      <Book
        author="J. R. R. Tolkien"
        cover="http://covers.openlibrary.org/b/id/3001457.jpg"
        date={1954}
        link="https://openlibrary.org/works/OL27448W/The_Lord_of_the_Rings"
        onClick={[Function]}
        title="The Lord of the Rings"
      />
    </div>
    <div
      className="book"
      key="1"
    >
      <Book
        author="J. R. R. Tolkien"
        cover="http://covers.openlibrary.org/b/id/3001457.jpg"
        date={1954}
        link="https://openlibrary.org/works/OL27448W/The_Lord_of_the_Rings"
        onClick={[Function]}
        title="The Lord of the Rings"
      />
    </div>
    <div
      className="book"
      key="2"
    >
      <Book
        author="J. R. R. Tolkien"
        cover="http://covers.openlibrary.org/b/id/3001457.jpg"
        date={1954}
        link="https://openlibrary.org/works/OL27448W/The_Lord_of_the_Rings"
        onClick={[Function]}
        title="The Lord of the Rings"
      />
    </div>
    <div
      className="book"
      key="3"
    >
      <Book
        author="J. R. R. Tolkien"
        cover="http://covers.openlibrary.org/b/id/3001457.jpg"
        date={1954}
        link="https://openlibrary.org/works/OL27448W/The_Lord_of_the_Rings"
        onClick={[Function]}
        title="The Lord of the Rings"
      />
    </div>
  </div>
  <div
    className="moreWrapper"
  >
    <div
      className="more"
      onClick={[Function]}
    >
      Charger plus de livre
    </div>
  </div>
</div>
`;
