// Jest Snapshot v1, https://goo.gl/fbAQLP

exports[`<Book /> Suite de tests de l'affichage Le composant doit bien s'afficher 1`] = `
<div
  className="container"
  onClick={[Function]}
>
  <Cover
    cover="cover"
  />
  <div
    className="info"
  >
    <div
      className="title"
    >
      title
    </div>
    <div
      className="author"
    >
      author
    </div>
    <div
      className="date"
    >
      1546
    </div>
  </div>
</div>
`;
